main.c:91:5:main	8	static
main.c:143:6:SystemClock_Config	184	static
main.c:214:13:MX_ADC1_Init	24	static
main.c:264:13:MX_HDMI_CEC_Init	8	static
main.c:300:13:MX_I2C2_Init	8	static
main.c:334:13:MX_I2C3_Init	8	static
main.c:368:13:MX_I2S1_Init	8	static
main.c:402:13:MX_SAI1_Init	8	static
main.c:453:13:MX_SPDIFRX_Init	8	static
main.c:489:13:MX_UART5_Init	8	static
main.c:522:13:MX_USB_OTG_FS_PCD_Init	8	static
main.c:557:13:MX_GPIO_Init	48	static
main.c:619:6:Error_Handler	4	static,ignoring_inline_asm
