stm32f4xx_hal_cec.c:340:19:HAL_CEC_SetDeviceAddress	0	static
stm32f4xx_hal_cec.c:386:13:HAL_CEC_MspInit	0	static
stm32f4xx_hal_cec.c:181:19:HAL_CEC_Init	8	static
stm32f4xx_hal_cec.c:400:13:HAL_CEC_MspDeInit	0	static
stm32f4xx_hal_cec.c:273:19:HAL_CEC_DeInit	8	static
stm32f4xx_hal_cec.c:696:19:HAL_CEC_Transmit_IT	12	static
stm32f4xx_hal_cec.c:752:10:HAL_CEC_GetLastReceivedFrameSize	0	static
stm32f4xx_hal_cec.c:764:6:HAL_CEC_ChangeRxBuffer	0	static
stm32f4xx_hal_cec.c:902:13:HAL_CEC_TxCpltCallback	0	static
stm32f4xx_hal_cec.c:917:13:HAL_CEC_RxCpltCallback	0	static
stm32f4xx_hal_cec.c:932:13:HAL_CEC_ErrorCallback	0	static
stm32f4xx_hal_cec.c:774:6:HAL_CEC_IRQHandler	24	static
stm32f4xx_hal_cec.c:964:22:HAL_CEC_GetState	0	static
stm32f4xx_hal_cec.c:979:10:HAL_CEC_GetError	0	static
