stm32f4xx_hal_msp.c:64:6:HAL_MspInit	8	static
stm32f4xx_hal_msp.c:86:6:HAL_ADC_MspInit	40	static
stm32f4xx_hal_msp.c:120:6:HAL_ADC_MspDeInit	0	static
stm32f4xx_hal_msp.c:149:6:HAL_CEC_MspInit	40	static
stm32f4xx_hal_msp.c:187:6:HAL_CEC_MspDeInit	8	static
stm32f4xx_hal_msp.c:217:6:HAL_I2C_MspInit	72	static
stm32f4xx_hal_msp.c:285:6:HAL_I2C_MspDeInit	8	static
stm32f4xx_hal_msp.c:336:6:HAL_I2S_MspInit	48	static
stm32f4xx_hal_msp.c:382:6:HAL_I2S_MspDeInit	8	static
stm32f4xx_hal_msp.c:415:6:HAL_SPDIFRX_MspInit	56	static
stm32f4xx_hal_msp.c:467:6:HAL_SPDIFRX_MspDeInit	8	static
stm32f4xx_hal_msp.c:499:6:HAL_UART_MspInit	56	static
stm32f4xx_hal_msp.c:543:6:HAL_UART_MspDeInit	8	static
stm32f4xx_hal_msp.c:574:6:HAL_PCD_MspInit	48	static
stm32f4xx_hal_msp.c:610:6:HAL_PCD_MspDeInit	0	static
stm32f4xx_hal_msp.c:635:6:HAL_SAI_MspInit	48	static
stm32f4xx_hal_msp.c:699:6:HAL_SAI_MspDeInit	8	static
